<?xml version="1.0" encoding="utf-8"?>
<TestRun id="709fea95-5d48-4bd0-a7ff-164bf2e5702c" name="rushikeshchaudhari@SDN-153 2025-07-29 18:52:14" runUser="SDEICHD0\rushikeshchaudhari" xmlns="http://microsoft.com/schemas/VisualStudio/TeamTest/2010">
  <Times creation="2025-07-29T18:52:14.3997467+05:30" queuing="2025-07-29T18:52:14.3997470+05:30" start="2025-07-29T18:52:12.3603535+05:30" finish="2025-07-29T18:52:16.8028192+05:30" />
  <TestSettings name="default" id="d5f7269f-55f2-4764-9e2a-cfd89be753f5">
    <Deployment runDeploymentRoot="rushikeshchaudhari_SDN-153_2025-07-29_18_52_14" />
  </TestSettings>
  <Results>
    <UnitTestResult executionId="4b91e8dc-d08c-429c-b5f5-6f91cc25e8c8" testId="44c104e5-7216-2ee4-149f-c05f6594f7f7" testName="SmartTelehealth.QuestionnaireTests.QuestionnaireSystemTests.Should_Reject_Duplicate_Question_Orders" computerName="SDN-153" duration="00:00:00.0037470" startTime="2025-07-29T18:52:16.3961617+05:30" endTime="2025-07-29T18:52:16.3961619+05:30" testType="13cdc9d9-ddb5-4fa4-a97d-d965ccfc6d4b" outcome="Passed" testListId="8c84fa94-04c1-424b-9868-57a2d4851a1d" relativeResultsDirectory="4b91e8dc-d08c-429c-b5f5-6f91cc25e8c8" />
    <UnitTestResult executionId="0e097357-a67f-431b-a79f-f472babf290b" testId="1137c274-aaf5-5c96-ca96-c5b5afb3387a" testName="SmartTelehealth.QuestionnaireTests.QuestionnaireSystemTests.Can_Create_Template_With_All_Question_Types" computerName="SDN-153" duration="00:00:03.2035559" startTime="2025-07-29T18:52:16.2249796+05:30" endTime="2025-07-29T18:52:16.2249809+05:30" testType="13cdc9d9-ddb5-4fa4-a97d-d965ccfc6d4b" outcome="Passed" testListId="8c84fa94-04c1-424b-9868-57a2d4851a1d" relativeResultsDirectory="0e097357-a67f-431b-a79f-f472babf290b" />
    <UnitTestResult executionId="faedb252-5670-42af-a155-24a46fbd111f" testId="e69d466c-16cf-88b6-eab5-8d6f68bc1795" testName="SmartTelehealth.QuestionnaireTests.QuestionnaireSystemTests.Can_Get_QuestionnaireTemplate_By_Id" computerName="SDN-153" duration="00:00:00.0060930" startTime="2025-07-29T18:52:16.6977709+05:30" endTime="2025-07-29T18:52:16.6977710+05:30" testType="13cdc9d9-ddb5-4fa4-a97d-d965ccfc6d4b" outcome="Passed" testListId="8c84fa94-04c1-424b-9868-57a2d4851a1d" relativeResultsDirectory="faedb252-5670-42af-a155-24a46fbd111f" />
    <UnitTestResult executionId="dfe5a1f1-a3e3-4f6b-b8de-36032f8a4cf7" testId="72d9b554-fc2f-e8d4-a9f9-3a3eee7c9c09" testName="SmartTelehealth.QuestionnaireTests.QuestionnaireSystemTests.Can_Delete_QuestionnaireTemplate" computerName="SDN-153" duration="00:00:00.0170680" startTime="2025-07-29T18:52:16.6552884+05:30" endTime="2025-07-29T18:52:16.6552886+05:30" testType="13cdc9d9-ddb5-4fa4-a97d-d965ccfc6d4b" outcome="Passed" testListId="8c84fa94-04c1-424b-9868-57a2d4851a1d" relativeResultsDirectory="dfe5a1f1-a3e3-4f6b-b8de-36032f8a4cf7" />
    <UnitTestResult executionId="536d9acb-4c22-46cc-8d21-7c23424885a2" testId="1b2ca8de-8323-f30f-88f7-e6d7adef4567" testName="SmartTelehealth.QuestionnaireTests.QuestionnaireSystemTests.Should_Handle_Response_Status_Changes" computerName="SDN-153" duration="00:00:00.0153646" startTime="2025-07-29T18:52:16.5035798+05:30" endTime="2025-07-29T18:52:16.5035799+05:30" testType="13cdc9d9-ddb5-4fa4-a97d-d965ccfc6d4b" outcome="Passed" testListId="8c84fa94-04c1-424b-9868-57a2d4851a1d" relativeResultsDirectory="536d9acb-4c22-46cc-8d21-7c23424885a2" />
    <UnitTestResult executionId="1dc6d9d3-ca4f-499c-a3ed-7aadade167c6" testId="729c8ae1-483e-727c-c329-3b935ff44a3f" testName="SmartTelehealth.QuestionnaireTests.QuestionnaireSystemTests.Can_Upload_File_With_Questionnaire" computerName="SDN-153" duration="00:00:00.0228592" startTime="2025-07-29T18:52:16.6090875+05:30" endTime="2025-07-29T18:52:16.6090877+05:30" testType="13cdc9d9-ddb5-4fa4-a97d-d965ccfc6d4b" outcome="Passed" testListId="8c84fa94-04c1-424b-9868-57a2d4851a1d" relativeResultsDirectory="1dc6d9d3-ca4f-499c-a3ed-7aadade167c6" />
    <UnitTestResult executionId="1fd0fde5-8031-4754-ad81-73db9b19842a" testId="adf5d3bd-20bb-923f-d983-bd8e577a79e7" testName="SmartTelehealth.QuestionnaireTests.QuestionnaireSystemTests.Can_Create_QuestionnaireTemplate" computerName="SDN-153" duration="00:00:00.0034801" startTime="2025-07-29T18:52:16.5075546+05:30" endTime="2025-07-29T18:52:16.5075547+05:30" testType="13cdc9d9-ddb5-4fa4-a97d-d965ccfc6d4b" outcome="Passed" testListId="8c84fa94-04c1-424b-9868-57a2d4851a1d" relativeResultsDirectory="1fd0fde5-8031-4754-ad81-73db9b19842a" />
    <UnitTestResult executionId="ee177660-f424-4ccb-a028-6e4f3aa55d7e" testId="e0a8541a-0b59-b837-8d52-2428f47ee0bd" testName="SmartTelehealth.QuestionnaireTests.QuestionnaireSystemTests.Should_Reject_Response_With_Invalid_Option_Ids" computerName="SDN-153" duration="00:00:00.0070948" startTime="2025-07-29T18:52:16.3918053+05:30" endTime="2025-07-29T18:52:16.3918054+05:30" testType="13cdc9d9-ddb5-4fa4-a97d-d965ccfc6d4b" outcome="Passed" testListId="8c84fa94-04c1-424b-9868-57a2d4851a1d" relativeResultsDirectory="ee177660-f424-4ccb-a028-6e4f3aa55d7e" />
    <UnitTestResult executionId="c8152c18-ba83-4908-a9e2-5b0de5f88c30" testId="81a40620-70b7-8378-d991-83b64e807f17" testName="SmartTelehealth.QuestionnaireTests.QuestionnaireSystemTests.Should_Reject_Empty_Template_Name" computerName="SDN-153" duration="00:00:00.0022453" startTime="2025-07-29T18:52:16.3473959+05:30" endTime="2025-07-29T18:52:16.3473960+05:30" testType="13cdc9d9-ddb5-4fa4-a97d-d965ccfc6d4b" outcome="Passed" testListId="8c84fa94-04c1-424b-9868-57a2d4851a1d" relativeResultsDirectory="c8152c18-ba83-4908-a9e2-5b0de5f88c30" />
    <UnitTestResult executionId="b58d37a4-2ba4-493d-bb0e-35a7ca1f1ec3" testId="fe6515e2-bac3-03a0-799e-1a9657b03c34" testName="SmartTelehealth.QuestionnaireTests.QuestionnaireSystemTests.Returns_404_For_NonExistent_Template" computerName="SDN-153" duration="00:00:00.0031947" startTime="2025-07-29T18:52:16.3376552+05:30" endTime="2025-07-29T18:52:16.3376554+05:30" testType="13cdc9d9-ddb5-4fa4-a97d-d965ccfc6d4b" outcome="Passed" testListId="8c84fa94-04c1-424b-9868-57a2d4851a1d" relativeResultsDirectory="b58d37a4-2ba4-493d-bb0e-35a7ca1f1ec3" />
    <UnitTestResult executionId="33a7fa35-5502-419a-8e58-ad7b85c74a4f" testId="86c259fd-affb-3c55-a8ed-5d30bf261c58" testName="SmartTelehealth.QuestionnaireTests.QuestionnaireSystemTests.Should_Reject_Empty_Question_Text" computerName="SDN-153" duration="00:00:00.0026603" startTime="2025-07-29T18:52:16.7153334+05:30" endTime="2025-07-29T18:52:16.7153335+05:30" testType="13cdc9d9-ddb5-4fa4-a97d-d965ccfc6d4b" outcome="Passed" testListId="8c84fa94-04c1-424b-9868-57a2d4851a1d" relativeResultsDirectory="33a7fa35-5502-419a-8e58-ad7b85c74a4f" />
    <UnitTestResult executionId="08693b93-b3a0-41f5-9754-41d400a4d48a" testId="55141dfe-1a93-3bdd-e1b0-4799efa0d904" testName="SmartTelehealth.QuestionnaireTests.QuestionnaireSystemTests.Should_Reject_Response_With_Missing_Required_Answers" computerName="SDN-153" duration="00:00:00.0059159" startTime="2025-07-29T18:52:16.4875801+05:30" endTime="2025-07-29T18:52:16.4875807+05:30" testType="13cdc9d9-ddb5-4fa4-a97d-d965ccfc6d4b" outcome="Passed" testListId="8c84fa94-04c1-424b-9868-57a2d4851a1d" relativeResultsDirectory="08693b93-b3a0-41f5-9754-41d400a4d48a" />
    <UnitTestResult executionId="45fed5c3-9e60-42f5-9694-fde0163f6269" testId="21f1cdd3-075f-139b-9f00-585b1ad74e97" testName="SmartTelehealth.QuestionnaireTests.QuestionnaireSystemTests.Should_Handle_Range_Values_With_Decimals" computerName="SDN-153" duration="00:00:00.0085973" startTime="2025-07-29T18:52:16.6911039+05:30" endTime="2025-07-29T18:52:16.6911043+05:30" testType="13cdc9d9-ddb5-4fa4-a97d-d965ccfc6d4b" outcome="Passed" testListId="8c84fa94-04c1-424b-9868-57a2d4851a1d" relativeResultsDirectory="45fed5c3-9e60-42f5-9694-fde0163f6269" />
    <UnitTestResult executionId="8ab673aa-007c-48ef-a988-06eb1978f576" testId="b429b00d-f1f1-6d35-b47a-22e6a06f6c2c" testName="SmartTelehealth.QuestionnaireTests.QuestionnaireSystemTests.Can_Get_UserResponses_By_User_Id" computerName="SDN-153" duration="00:00:00.0331088" startTime="2025-07-29T18:52:16.3841216+05:30" endTime="2025-07-29T18:52:16.3841217+05:30" testType="13cdc9d9-ddb5-4fa4-a97d-d965ccfc6d4b" outcome="Passed" testListId="8c84fa94-04c1-424b-9868-57a2d4851a1d" relativeResultsDirectory="8ab673aa-007c-48ef-a988-06eb1978f576" />
    <UnitTestResult executionId="22ab2743-0ced-4a22-b822-477b9ccda10a" testId="afa330eb-8b4b-81d7-12df-c7bc2d0169b6" testName="SmartTelehealth.QuestionnaireTests.QuestionnaireSystemTests.Should_Reject_Response_With_OutOfRange_Range_Value" computerName="SDN-153" duration="00:00:00.0066568" startTime="2025-07-29T18:52:16.3447629+05:30" endTime="2025-07-29T18:52:16.3447630+05:30" testType="13cdc9d9-ddb5-4fa4-a97d-d965ccfc6d4b" outcome="Passed" testListId="8c84fa94-04c1-424b-9868-57a2d4851a1d" relativeResultsDirectory="22ab2743-0ced-4a22-b822-477b9ccda10a" />
    <UnitTestResult executionId="18ca4baf-7cf9-4d51-9aed-a304bbd303a5" testId="784a2235-a89c-66dc-ff95-681ceb540f42" testName="SmartTelehealth.QuestionnaireTests.QuestionnaireSystemTests.Should_Reject_Range_With_Invalid_Bounds" computerName="SDN-153" duration="00:00:00.0025023" startTime="2025-07-29T18:52:16.3505043+05:30" endTime="2025-07-29T18:52:16.3505044+05:30" testType="13cdc9d9-ddb5-4fa4-a97d-d965ccfc6d4b" outcome="Passed" testListId="8c84fa94-04c1-424b-9868-57a2d4851a1d" relativeResultsDirectory="18ca4baf-7cf9-4d51-9aed-a304bbd303a5" />
    <UnitTestResult executionId="658b8f48-504c-4f5b-bdf7-ca1110dd2da6" testId="a42bb7ad-1d33-9683-0ee9-6e2c36a6c481" testName="SmartTelehealth.QuestionnaireTests.UnitTest1.Test1" computerName="SDN-153" duration="00:00:00.0021641" startTime="2025-07-29T18:52:13.0253284+05:30" endTime="2025-07-29T18:52:13.0253458+05:30" testType="13cdc9d9-ddb5-4fa4-a97d-d965ccfc6d4b" outcome="Passed" testListId="8c84fa94-04c1-424b-9868-57a2d4851a1d" relativeResultsDirectory="658b8f48-504c-4f5b-bdf7-ca1110dd2da6" />
    <UnitTestResult executionId="90515bda-2f56-4b93-bb8a-ff4375597c04" testId="5c8ad594-d7c6-36d8-d14c-adf01dbc1ecc" testName="SmartTelehealth.QuestionnaireTests.QuestionnaireSystemTests.Should_Handle_Large_Text_Answers" computerName="SDN-153" duration="00:00:00.0065376" startTime="2025-07-29T18:52:16.5701998+05:30" endTime="2025-07-29T18:52:16.5701999+05:30" testType="13cdc9d9-ddb5-4fa4-a97d-d965ccfc6d4b" outcome="Passed" testListId="8c84fa94-04c1-424b-9868-57a2d4851a1d" relativeResultsDirectory="90515bda-2f56-4b93-bb8a-ff4375597c04" />
    <UnitTestResult executionId="4aa87d00-2bd7-4465-82dd-3beb58425d49" testId="a6b0c19c-9bcc-1d7c-7f2d-ebe30314d528" testName="SmartTelehealth.QuestionnaireTests.QuestionnaireSystemTests.Returns_404_For_NonExistent_UserResponse" computerName="SDN-153" duration="00:00:00.0026078" startTime="2025-07-29T18:52:16.6687869+05:30" endTime="2025-07-29T18:52:16.6687870+05:30" testType="13cdc9d9-ddb5-4fa4-a97d-d965ccfc6d4b" outcome="Passed" testListId="8c84fa94-04c1-424b-9868-57a2d4851a1d" relativeResultsDirectory="4aa87d00-2bd7-4465-82dd-3beb58425d49" />
    <UnitTestResult executionId="4fb588ed-36d7-4f11-ac8b-4502a5ef6f2b" testId="79dbd315-0dfc-839d-d8f7-c1651ff17b01" testName="SmartTelehealth.QuestionnaireTests.QuestionnaireSystemTests.Should_Handle_Media_Urls_In_Questions" computerName="SDN-153" duration="00:00:00.0067971" startTime="2025-07-29T18:52:16.7121992+05:30" endTime="2025-07-29T18:52:16.7121993+05:30" testType="13cdc9d9-ddb5-4fa4-a97d-d965ccfc6d4b" outcome="Passed" testListId="8c84fa94-04c1-424b-9868-57a2d4851a1d" relativeResultsDirectory="4fb588ed-36d7-4f11-ac8b-4502a5ef6f2b" />
    <UnitTestResult executionId="95e4ae58-20ee-41d8-8b45-1019702ee249" testId="07b29e8a-e3e4-8b7a-5960-65dfb36fdb27" testName="SmartTelehealth.QuestionnaireTests.QuestionnaireSystemTests.Should_Handle_Help_Text_In_Questions" computerName="SDN-153" duration="00:00:00.0064468" startTime="2025-07-29T18:52:16.6820066+05:30" endTime="2025-07-29T18:52:16.6820067+05:30" testType="13cdc9d9-ddb5-4fa4-a97d-d965ccfc6d4b" outcome="Passed" testListId="8c84fa94-04c1-424b-9868-57a2d4851a1d" relativeResultsDirectory="95e4ae58-20ee-41d8-8b45-1019702ee249" />
    <UnitTestResult executionId="7ebdee1c-291f-4716-819e-dd92fe95a602" testId="b57164e6-6b38-297c-a8a2-9d73ef8db515" testName="SmartTelehealth.QuestionnaireTests.QuestionnaireSystemTests.Should_Reject_Response_With_Invalid_DateTime_Format" computerName="SDN-153" duration="00:00:00.0150130" startTime="2025-07-29T18:52:16.5857726+05:30" endTime="2025-07-29T18:52:16.5857727+05:30" testType="13cdc9d9-ddb5-4fa4-a97d-d965ccfc6d4b" outcome="Passed" testListId="8c84fa94-04c1-424b-9868-57a2d4851a1d" relativeResultsDirectory="7ebdee1c-291f-4716-819e-dd92fe95a602" />
    <UnitTestResult executionId="475b2521-9369-41e3-86ff-0688b69bc472" testId="66798181-8b09-9746-d8de-4643841c77da" testName="SmartTelehealth.QuestionnaireTests.QuestionnaireSystemTests.Can_Get_UserResponse_By_Id" computerName="SDN-153" duration="00:00:00.0066099" startTime="2025-07-29T18:52:16.7224820+05:30" endTime="2025-07-29T18:52:16.7224821+05:30" testType="13cdc9d9-ddb5-4fa4-a97d-d965ccfc6d4b" outcome="Passed" testListId="8c84fa94-04c1-424b-9868-57a2d4851a1d" relativeResultsDirectory="475b2521-9369-41e3-86ff-0688b69bc472" />
    <UnitTestResult executionId="18d785f8-efaa-4097-a07f-7b7f2e64f16a" testId="03de6010-2cf0-3e28-4ef9-2e6fbd60ed93" testName="SmartTelehealth.QuestionnaireTests.QuestionnaireSystemTests.Should_Reject_Template_Without_Questions" computerName="SDN-153" duration="00:00:00.0025928" startTime="2025-07-29T18:52:16.6584205+05:30" endTime="2025-07-29T18:52:16.6584206+05:30" testType="13cdc9d9-ddb5-4fa4-a97d-d965ccfc6d4b" outcome="Passed" testListId="8c84fa94-04c1-424b-9868-57a2d4851a1d" relativeResultsDirectory="18d785f8-efaa-4097-a07f-7b7f2e64f16a" />
    <UnitTestResult executionId="4af4c9df-7865-409c-a9ae-9e366c24a541" testId="2d108669-cc18-8d96-1ac2-9adb354e83e3" testName="SmartTelehealth.QuestionnaireTests.QuestionnaireSystemTests.Can_Get_UserResponse_With_DateTime_Values" computerName="SDN-153" duration="00:00:00.0187292" startTime="2025-07-29T18:52:16.6376521+05:30" endTime="2025-07-29T18:52:16.6376526+05:30" testType="13cdc9d9-ddb5-4fa4-a97d-d965ccfc6d4b" outcome="Passed" testListId="8c84fa94-04c1-424b-9868-57a2d4851a1d" relativeResultsDirectory="4af4c9df-7865-409c-a9ae-9e366c24a541" />
    <UnitTestResult executionId="358320a6-89b6-4748-a4ba-13aac9c743b1" testId="0370d4e2-1cb7-af46-1ace-17872402d4fb" testName="SmartTelehealth.QuestionnaireTests.QuestionnaireSystemTests.Can_Update_QuestionnaireTemplate" computerName="SDN-153" duration="00:00:00.0253961" startTime="2025-07-29T18:52:16.4496503+05:30" endTime="2025-07-29T18:52:16.4496504+05:30" testType="13cdc9d9-ddb5-4fa4-a97d-d965ccfc6d4b" outcome="Passed" testListId="8c84fa94-04c1-424b-9868-57a2d4851a1d" relativeResultsDirectory="358320a6-89b6-4748-a4ba-13aac9c743b1" />
    <UnitTestResult executionId="e30035d7-2ddf-4f40-b719-f8bece14e314" testId="9bb10f37-ad6d-d122-c8b7-73f5b1b933f0" testName="SmartTelehealth.QuestionnaireTests.QuestionnaireSystemTests.Can_Submit_UserResponse_With_Date_Question" computerName="SDN-153" duration="00:00:00.0066534" startTime="2025-07-29T18:52:16.6656187+05:30" endTime="2025-07-29T18:52:16.6656188+05:30" testType="13cdc9d9-ddb5-4fa4-a97d-d965ccfc6d4b" outcome="Passed" testListId="8c84fa94-04c1-424b-9868-57a2d4851a1d" relativeResultsDirectory="e30035d7-2ddf-4f40-b719-f8bece14e314" />
    <UnitTestResult executionId="b8652508-7aeb-4469-8ad3-ecc2e075e02a" testId="721e1f5c-a863-ed7e-efd0-90aa3a85b758" testName="SmartTelehealth.QuestionnaireTests.QuestionnaireSystemTests.Can_Submit_UserResponse_With_Time_Question" computerName="SDN-153" duration="00:00:00.1068534" startTime="2025-07-29T18:52:16.3339629+05:30" endTime="2025-07-29T18:52:16.3339634+05:30" testType="13cdc9d9-ddb5-4fa4-a97d-d965ccfc6d4b" outcome="Passed" testListId="8c84fa94-04c1-424b-9868-57a2d4851a1d" relativeResultsDirectory="b8652508-7aeb-4469-8ad3-ecc2e075e02a" />
    <UnitTestResult executionId="1f710208-e1ef-4a45-a25d-824c6e28cb26" testId="f939acb3-545f-f68a-460d-58e810ec0cbb" testName="SmartTelehealth.QuestionnaireTests.QuestionnaireSystemTests.Should_Reject_Invalid_Question_Type" computerName="SDN-153" duration="00:00:00.0035594" startTime="2025-07-29T18:52:16.5631094+05:30" endTime="2025-07-29T18:52:16.5631096+05:30" testType="13cdc9d9-ddb5-4fa4-a97d-d965ccfc6d4b" outcome="Passed" testListId="8c84fa94-04c1-424b-9868-57a2d4851a1d" relativeResultsDirectory="1f710208-e1ef-4a45-a25d-824c6e28cb26" />
    <UnitTestResult executionId="a8b9227e-6fc5-4004-8a35-fdb8831270bb" testId="c6be634c-a6b3-ae68-6a54-87e36e0694d5" testName="SmartTelehealth.QuestionnaireTests.QuestionnaireSystemTests.Should_Handle_Multiple_Checkbox_Selections" computerName="SDN-153" duration="00:00:00.0508354" startTime="2025-07-29T18:52:16.5589719+05:30" endTime="2025-07-29T18:52:16.5589721+05:30" testType="13cdc9d9-ddb5-4fa4-a97d-d965ccfc6d4b" outcome="Passed" testListId="8c84fa94-04c1-424b-9868-57a2d4851a1d" relativeResultsDirectory="a8b9227e-6fc5-4004-8a35-fdb8831270bb" />
    <UnitTestResult executionId="c68d1bd8-a88c-4c25-8a73-ccc175b4f24e" testId="18e2d4e4-bb8a-11e3-86c1-6aea049821b9" testName="SmartTelehealth.QuestionnaireTests.QuestionnaireSystemTests.Can_Submit_Response_With_All_Question_Types" computerName="SDN-153" duration="00:00:00.0150290" startTime="2025-07-29T18:52:16.7380573+05:30" endTime="2025-07-29T18:52:16.7380578+05:30" testType="13cdc9d9-ddb5-4fa4-a97d-d965ccfc6d4b" outcome="Passed" testListId="8c84fa94-04c1-424b-9868-57a2d4851a1d" relativeResultsDirectory="c68d1bd8-a88c-4c25-8a73-ccc175b4f24e" />
    <UnitTestResult executionId="6b8b5918-2149-46ce-be80-19e98f019cf2" testId="97482567-4069-e50b-bcf5-a480fc70d2b9" testName="SmartTelehealth.QuestionnaireTests.QuestionnaireSystemTests.Should_Reject_Multiple_Choice_Without_Options" computerName="SDN-153" duration="00:00:00.0027869" startTime="2025-07-29T18:52:16.4530245+05:30" endTime="2025-07-29T18:52:16.4530250+05:30" testType="13cdc9d9-ddb5-4fa4-a97d-d965ccfc6d4b" outcome="Passed" testListId="8c84fa94-04c1-424b-9868-57a2d4851a1d" relativeResultsDirectory="6b8b5918-2149-46ce-be80-19e98f019cf2" />
    <UnitTestResult executionId="7e7b3d48-4d64-4366-ba3b-e4e0fd04119c" testId="a200d94d-c1ab-2339-f512-da512de2e311" testName="SmartTelehealth.QuestionnaireTests.QuestionnaireSystemTests.Can_Submit_UserResponse_With_DateTime_Question" computerName="SDN-153" duration="00:00:00.0056861" startTime="2025-07-29T18:52:16.6749977+05:30" endTime="2025-07-29T18:52:16.6749978+05:30" testType="13cdc9d9-ddb5-4fa4-a97d-d965ccfc6d4b" outcome="Passed" testListId="8c84fa94-04c1-424b-9868-57a2d4851a1d" relativeResultsDirectory="7e7b3d48-4d64-4366-ba3b-e4e0fd04119c" />
    <UnitTestResult executionId="cd3e58ec-bbfc-4bc9-98f5-058afd1dd389" testId="4d181cc6-6017-caf0-063f-a7ed568a6572" testName="SmartTelehealth.QuestionnaireTests.QuestionnaireSystemTests.Should_Handle_Required_Field_Validation" computerName="SDN-153" duration="00:00:00.0065166" startTime="2025-07-29T18:52:16.7048581+05:30" endTime="2025-07-29T18:52:16.7048582+05:30" testType="13cdc9d9-ddb5-4fa4-a97d-d965ccfc6d4b" outcome="Passed" testListId="8c84fa94-04c1-424b-9868-57a2d4851a1d" relativeResultsDirectory="cd3e58ec-bbfc-4bc9-98f5-058afd1dd389" />
    <UnitTestResult executionId="2691b109-017a-4bf3-840c-1c2279c2e4ea" testId="b68b0011-2360-7cb0-f0af-885815952809" testName="SmartTelehealth.QuestionnaireTests.QuestionnaireSystemTests.Can_Submit_UserResponse" computerName="SDN-153" duration="00:00:00.0275374" startTime="2025-07-29T18:52:16.4811320+05:30" endTime="2025-07-29T18:52:16.4811322+05:30" testType="13cdc9d9-ddb5-4fa4-a97d-d965ccfc6d4b" outcome="Passed" testListId="8c84fa94-04c1-424b-9868-57a2d4851a1d" relativeResultsDirectory="2691b109-017a-4bf3-840c-1c2279c2e4ea" />
    <UnitTestResult executionId="8395a623-25ec-445d-a1d0-e23f32df2e54" testId="937dcbb4-d788-8ff6-4789-8700aabc7395" testName="SmartTelehealth.QuestionnaireTests.QuestionnaireSystemTests.Can_Get_All_QuestionnaireTemplates" computerName="SDN-153" duration="00:00:00.0269477" startTime="2025-07-29T18:52:16.4236387+05:30" endTime="2025-07-29T18:52:16.4236388+05:30" testType="13cdc9d9-ddb5-4fa4-a97d-d965ccfc6d4b" outcome="Passed" testListId="8c84fa94-04c1-424b-9868-57a2d4851a1d" relativeResultsDirectory="8395a623-25ec-445d-a1d0-e23f32df2e54" />
    <UnitTestResult executionId="9f0a91b3-ecd2-4b0e-9492-3ac1261f93a7" testId="d871a36e-a5f8-9faf-d993-4ed65f21a453" testName="SmartTelehealth.QuestionnaireTests.QuestionnaireSystemTests.Should_Reject_Response_With_Extra_Answers_Not_In_Template" computerName="SDN-153" duration="00:00:00.0088678" startTime="2025-07-29T18:52:16.6183664+05:30" endTime="2025-07-29T18:52:16.6183666+05:30" testType="13cdc9d9-ddb5-4fa4-a97d-d965ccfc6d4b" outcome="Passed" testListId="8c84fa94-04c1-424b-9868-57a2d4851a1d" relativeResultsDirectory="9f0a91b3-ecd2-4b0e-9492-3ac1261f93a7" />
  </Results>
  <TestDefinitions>
    <UnitTest name="SmartTelehealth.QuestionnaireTests.QuestionnaireSystemTests.Should_Reject_Range_With_Invalid_Bounds" storage="d:\dayusers\rushikesh\personal\.net projects\telehealthwithsubscriptionmodel\backend\smarttelehealth.questionnairetests\bin\debug\net9.0\smarttelehealth.questionnairetests.dll" id="784a2235-a89c-66dc-ff95-681ceb540f42">
      <Execution id="18ca4baf-7cf9-4d51-9aed-a304bbd303a5" />
      <TestMethod codeBase="D:\DayUsers\Rushikesh\Personal\.Net Projects\TeleHealthWithSubscriptionModel\backend\SmartTelehealth.QuestionnaireTests\bin\Debug\net9.0\SmartTelehealth.QuestionnaireTests.dll" adapterTypeName="executor://xunit/VsTestRunner2/netcoreapp" className="SmartTelehealth.QuestionnaireTests.QuestionnaireSystemTests" name="Should_Reject_Range_With_Invalid_Bounds" />
    </UnitTest>
    <UnitTest name="SmartTelehealth.QuestionnaireTests.QuestionnaireSystemTests.Should_Handle_Response_Status_Changes" storage="d:\dayusers\rushikesh\personal\.net projects\telehealthwithsubscriptionmodel\backend\smarttelehealth.questionnairetests\bin\debug\net9.0\smarttelehealth.questionnairetests.dll" id="1b2ca8de-8323-f30f-88f7-e6d7adef4567">
      <Execution id="536d9acb-4c22-46cc-8d21-7c23424885a2" />
      <TestMethod codeBase="D:\DayUsers\Rushikesh\Personal\.Net Projects\TeleHealthWithSubscriptionModel\backend\SmartTelehealth.QuestionnaireTests\bin\Debug\net9.0\SmartTelehealth.QuestionnaireTests.dll" adapterTypeName="executor://xunit/VsTestRunner2/netcoreapp" className="SmartTelehealth.QuestionnaireTests.QuestionnaireSystemTests" name="Should_Handle_Response_Status_Changes" />
    </UnitTest>
    <UnitTest name="SmartTelehealth.QuestionnaireTests.QuestionnaireSystemTests.Can_Create_Template_With_All_Question_Types" storage="d:\dayusers\rushikesh\personal\.net projects\telehealthwithsubscriptionmodel\backend\smarttelehealth.questionnairetests\bin\debug\net9.0\smarttelehealth.questionnairetests.dll" id="1137c274-aaf5-5c96-ca96-c5b5afb3387a">
      <Execution id="0e097357-a67f-431b-a79f-f472babf290b" />
      <TestMethod codeBase="D:\DayUsers\Rushikesh\Personal\.Net Projects\TeleHealthWithSubscriptionModel\backend\SmartTelehealth.QuestionnaireTests\bin\Debug\net9.0\SmartTelehealth.QuestionnaireTests.dll" adapterTypeName="executor://xunit/VsTestRunner2/netcoreapp" className="SmartTelehealth.QuestionnaireTests.QuestionnaireSystemTests" name="Can_Create_Template_With_All_Question_Types" />
    </UnitTest>
    <UnitTest name="SmartTelehealth.QuestionnaireTests.QuestionnaireSystemTests.Should_Reject_Empty_Template_Name" storage="d:\dayusers\rushikesh\personal\.net projects\telehealthwithsubscriptionmodel\backend\smarttelehealth.questionnairetests\bin\debug\net9.0\smarttelehealth.questionnairetests.dll" id="81a40620-70b7-8378-d991-83b64e807f17">
      <Execution id="c8152c18-ba83-4908-a9e2-5b0de5f88c30" />
      <TestMethod codeBase="D:\DayUsers\Rushikesh\Personal\.Net Projects\TeleHealthWithSubscriptionModel\backend\SmartTelehealth.QuestionnaireTests\bin\Debug\net9.0\SmartTelehealth.QuestionnaireTests.dll" adapterTypeName="executor://xunit/VsTestRunner2/netcoreapp" className="SmartTelehealth.QuestionnaireTests.QuestionnaireSystemTests" name="Should_Reject_Empty_Template_Name" />
    </UnitTest>
    <UnitTest name="SmartTelehealth.QuestionnaireTests.QuestionnaireSystemTests.Can_Submit_UserResponse_With_Date_Question" storage="d:\dayusers\rushikesh\personal\.net projects\telehealthwithsubscriptionmodel\backend\smarttelehealth.questionnairetests\bin\debug\net9.0\smarttelehealth.questionnairetests.dll" id="9bb10f37-ad6d-d122-c8b7-73f5b1b933f0">
      <Execution id="e30035d7-2ddf-4f40-b719-f8bece14e314" />
      <TestMethod codeBase="D:\DayUsers\Rushikesh\Personal\.Net Projects\TeleHealthWithSubscriptionModel\backend\SmartTelehealth.QuestionnaireTests\bin\Debug\net9.0\SmartTelehealth.QuestionnaireTests.dll" adapterTypeName="executor://xunit/VsTestRunner2/netcoreapp" className="SmartTelehealth.QuestionnaireTests.QuestionnaireSystemTests" name="Can_Submit_UserResponse_With_Date_Question" />
    </UnitTest>
    <UnitTest name="SmartTelehealth.QuestionnaireTests.QuestionnaireSystemTests.Can_Delete_QuestionnaireTemplate" storage="d:\dayusers\rushikesh\personal\.net projects\telehealthwithsubscriptionmodel\backend\smarttelehealth.questionnairetests\bin\debug\net9.0\smarttelehealth.questionnairetests.dll" id="72d9b554-fc2f-e8d4-a9f9-3a3eee7c9c09">
      <Execution id="dfe5a1f1-a3e3-4f6b-b8de-36032f8a4cf7" />
      <TestMethod codeBase="D:\DayUsers\Rushikesh\Personal\.Net Projects\TeleHealthWithSubscriptionModel\backend\SmartTelehealth.QuestionnaireTests\bin\Debug\net9.0\SmartTelehealth.QuestionnaireTests.dll" adapterTypeName="executor://xunit/VsTestRunner2/netcoreapp" className="SmartTelehealth.QuestionnaireTests.QuestionnaireSystemTests" name="Can_Delete_QuestionnaireTemplate" />
    </UnitTest>
    <UnitTest name="SmartTelehealth.QuestionnaireTests.QuestionnaireSystemTests.Should_Handle_Range_Values_With_Decimals" storage="d:\dayusers\rushikesh\personal\.net projects\telehealthwithsubscriptionmodel\backend\smarttelehealth.questionnairetests\bin\debug\net9.0\smarttelehealth.questionnairetests.dll" id="21f1cdd3-075f-139b-9f00-585b1ad74e97">
      <Execution id="45fed5c3-9e60-42f5-9694-fde0163f6269" />
      <TestMethod codeBase="D:\DayUsers\Rushikesh\Personal\.Net Projects\TeleHealthWithSubscriptionModel\backend\SmartTelehealth.QuestionnaireTests\bin\Debug\net9.0\SmartTelehealth.QuestionnaireTests.dll" adapterTypeName="executor://xunit/VsTestRunner2/netcoreapp" className="SmartTelehealth.QuestionnaireTests.QuestionnaireSystemTests" name="Should_Handle_Range_Values_With_Decimals" />
    </UnitTest>
    <UnitTest name="SmartTelehealth.QuestionnaireTests.QuestionnaireSystemTests.Should_Reject_Response_With_Missing_Required_Answers" storage="d:\dayusers\rushikesh\personal\.net projects\telehealthwithsubscriptionmodel\backend\smarttelehealth.questionnairetests\bin\debug\net9.0\smarttelehealth.questionnairetests.dll" id="55141dfe-1a93-3bdd-e1b0-4799efa0d904">
      <Execution id="08693b93-b3a0-41f5-9754-41d400a4d48a" />
      <TestMethod codeBase="D:\DayUsers\Rushikesh\Personal\.Net Projects\TeleHealthWithSubscriptionModel\backend\SmartTelehealth.QuestionnaireTests\bin\Debug\net9.0\SmartTelehealth.QuestionnaireTests.dll" adapterTypeName="executor://xunit/VsTestRunner2/netcoreapp" className="SmartTelehealth.QuestionnaireTests.QuestionnaireSystemTests" name="Should_Reject_Response_With_Missing_Required_Answers" />
    </UnitTest>
    <UnitTest name="SmartTelehealth.QuestionnaireTests.QuestionnaireSystemTests.Should_Reject_Response_With_Extra_Answers_Not_In_Template" storage="d:\dayusers\rushikesh\personal\.net projects\telehealthwithsubscriptionmodel\backend\smarttelehealth.questionnairetests\bin\debug\net9.0\smarttelehealth.questionnairetests.dll" id="d871a36e-a5f8-9faf-d993-4ed65f21a453">
      <Execution id="9f0a91b3-ecd2-4b0e-9492-3ac1261f93a7" />
      <TestMethod codeBase="D:\DayUsers\Rushikesh\Personal\.Net Projects\TeleHealthWithSubscriptionModel\backend\SmartTelehealth.QuestionnaireTests\bin\Debug\net9.0\SmartTelehealth.QuestionnaireTests.dll" adapterTypeName="executor://xunit/VsTestRunner2/netcoreapp" className="SmartTelehealth.QuestionnaireTests.QuestionnaireSystemTests" name="Should_Reject_Response_With_Extra_Answers_Not_In_Template" />
    </UnitTest>
    <UnitTest name="SmartTelehealth.QuestionnaireTests.QuestionnaireSystemTests.Should_Reject_Invalid_Question_Type" storage="d:\dayusers\rushikesh\personal\.net projects\telehealthwithsubscriptionmodel\backend\smarttelehealth.questionnairetests\bin\debug\net9.0\smarttelehealth.questionnairetests.dll" id="f939acb3-545f-f68a-460d-58e810ec0cbb">
      <Execution id="1f710208-e1ef-4a45-a25d-824c6e28cb26" />
      <TestMethod codeBase="D:\DayUsers\Rushikesh\Personal\.Net Projects\TeleHealthWithSubscriptionModel\backend\SmartTelehealth.QuestionnaireTests\bin\Debug\net9.0\SmartTelehealth.QuestionnaireTests.dll" adapterTypeName="executor://xunit/VsTestRunner2/netcoreapp" className="SmartTelehealth.QuestionnaireTests.QuestionnaireSystemTests" name="Should_Reject_Invalid_Question_Type" />
    </UnitTest>
    <UnitTest name="SmartTelehealth.QuestionnaireTests.QuestionnaireSystemTests.Should_Reject_Template_Without_Questions" storage="d:\dayusers\rushikesh\personal\.net projects\telehealthwithsubscriptionmodel\backend\smarttelehealth.questionnairetests\bin\debug\net9.0\smarttelehealth.questionnairetests.dll" id="03de6010-2cf0-3e28-4ef9-2e6fbd60ed93">
      <Execution id="18d785f8-efaa-4097-a07f-7b7f2e64f16a" />
      <TestMethod codeBase="D:\DayUsers\Rushikesh\Personal\.Net Projects\TeleHealthWithSubscriptionModel\backend\SmartTelehealth.QuestionnaireTests\bin\Debug\net9.0\SmartTelehealth.QuestionnaireTests.dll" adapterTypeName="executor://xunit/VsTestRunner2/netcoreapp" className="SmartTelehealth.QuestionnaireTests.QuestionnaireSystemTests" name="Should_Reject_Template_Without_Questions" />
    </UnitTest>
    <UnitTest name="SmartTelehealth.QuestionnaireTests.QuestionnaireSystemTests.Can_Get_QuestionnaireTemplate_By_Id" storage="d:\dayusers\rushikesh\personal\.net projects\telehealthwithsubscriptionmodel\backend\smarttelehealth.questionnairetests\bin\debug\net9.0\smarttelehealth.questionnairetests.dll" id="e69d466c-16cf-88b6-eab5-8d6f68bc1795">
      <Execution id="faedb252-5670-42af-a155-24a46fbd111f" />
      <TestMethod codeBase="D:\DayUsers\Rushikesh\Personal\.Net Projects\TeleHealthWithSubscriptionModel\backend\SmartTelehealth.QuestionnaireTests\bin\Debug\net9.0\SmartTelehealth.QuestionnaireTests.dll" adapterTypeName="executor://xunit/VsTestRunner2/netcoreapp" className="SmartTelehealth.QuestionnaireTests.QuestionnaireSystemTests" name="Can_Get_QuestionnaireTemplate_By_Id" />
    </UnitTest>
    <UnitTest name="SmartTelehealth.QuestionnaireTests.QuestionnaireSystemTests.Should_Reject_Response_With_OutOfRange_Range_Value" storage="d:\dayusers\rushikesh\personal\.net projects\telehealthwithsubscriptionmodel\backend\smarttelehealth.questionnairetests\bin\debug\net9.0\smarttelehealth.questionnairetests.dll" id="afa330eb-8b4b-81d7-12df-c7bc2d0169b6">
      <Execution id="22ab2743-0ced-4a22-b822-477b9ccda10a" />
      <TestMethod codeBase="D:\DayUsers\Rushikesh\Personal\.Net Projects\TeleHealthWithSubscriptionModel\backend\SmartTelehealth.QuestionnaireTests\bin\Debug\net9.0\SmartTelehealth.QuestionnaireTests.dll" adapterTypeName="executor://xunit/VsTestRunner2/netcoreapp" className="SmartTelehealth.QuestionnaireTests.QuestionnaireSystemTests" name="Should_Reject_Response_With_OutOfRange_Range_Value" />
    </UnitTest>
    <UnitTest name="SmartTelehealth.QuestionnaireTests.QuestionnaireSystemTests.Can_Get_UserResponse_With_DateTime_Values" storage="d:\dayusers\rushikesh\personal\.net projects\telehealthwithsubscriptionmodel\backend\smarttelehealth.questionnairetests\bin\debug\net9.0\smarttelehealth.questionnairetests.dll" id="2d108669-cc18-8d96-1ac2-9adb354e83e3">
      <Execution id="4af4c9df-7865-409c-a9ae-9e366c24a541" />
      <TestMethod codeBase="D:\DayUsers\Rushikesh\Personal\.Net Projects\TeleHealthWithSubscriptionModel\backend\SmartTelehealth.QuestionnaireTests\bin\Debug\net9.0\SmartTelehealth.QuestionnaireTests.dll" adapterTypeName="executor://xunit/VsTestRunner2/netcoreapp" className="SmartTelehealth.QuestionnaireTests.QuestionnaireSystemTests" name="Can_Get_UserResponse_With_DateTime_Values" />
    </UnitTest>
    <UnitTest name="SmartTelehealth.QuestionnaireTests.QuestionnaireSystemTests.Should_Reject_Response_With_Invalid_DateTime_Format" storage="d:\dayusers\rushikesh\personal\.net projects\telehealthwithsubscriptionmodel\backend\smarttelehealth.questionnairetests\bin\debug\net9.0\smarttelehealth.questionnairetests.dll" id="b57164e6-6b38-297c-a8a2-9d73ef8db515">
      <Execution id="7ebdee1c-291f-4716-819e-dd92fe95a602" />
      <TestMethod codeBase="D:\DayUsers\Rushikesh\Personal\.Net Projects\TeleHealthWithSubscriptionModel\backend\SmartTelehealth.QuestionnaireTests\bin\Debug\net9.0\SmartTelehealth.QuestionnaireTests.dll" adapterTypeName="executor://xunit/VsTestRunner2/netcoreapp" className="SmartTelehealth.QuestionnaireTests.QuestionnaireSystemTests" name="Should_Reject_Response_With_Invalid_DateTime_Format" />
    </UnitTest>
    <UnitTest name="SmartTelehealth.QuestionnaireTests.QuestionnaireSystemTests.Can_Get_UserResponses_By_User_Id" storage="d:\dayusers\rushikesh\personal\.net projects\telehealthwithsubscriptionmodel\backend\smarttelehealth.questionnairetests\bin\debug\net9.0\smarttelehealth.questionnairetests.dll" id="b429b00d-f1f1-6d35-b47a-22e6a06f6c2c">
      <Execution id="8ab673aa-007c-48ef-a988-06eb1978f576" />
      <TestMethod codeBase="D:\DayUsers\Rushikesh\Personal\.Net Projects\TeleHealthWithSubscriptionModel\backend\SmartTelehealth.QuestionnaireTests\bin\Debug\net9.0\SmartTelehealth.QuestionnaireTests.dll" adapterTypeName="executor://xunit/VsTestRunner2/netcoreapp" className="SmartTelehealth.QuestionnaireTests.QuestionnaireSystemTests" name="Can_Get_UserResponses_By_User_Id" />
    </UnitTest>
    <UnitTest name="SmartTelehealth.QuestionnaireTests.QuestionnaireSystemTests.Returns_404_For_NonExistent_Template" storage="d:\dayusers\rushikesh\personal\.net projects\telehealthwithsubscriptionmodel\backend\smarttelehealth.questionnairetests\bin\debug\net9.0\smarttelehealth.questionnairetests.dll" id="fe6515e2-bac3-03a0-799e-1a9657b03c34">
      <Execution id="b58d37a4-2ba4-493d-bb0e-35a7ca1f1ec3" />
      <TestMethod codeBase="D:\DayUsers\Rushikesh\Personal\.Net Projects\TeleHealthWithSubscriptionModel\backend\SmartTelehealth.QuestionnaireTests\bin\Debug\net9.0\SmartTelehealth.QuestionnaireTests.dll" adapterTypeName="executor://xunit/VsTestRunner2/netcoreapp" className="SmartTelehealth.QuestionnaireTests.QuestionnaireSystemTests" name="Returns_404_For_NonExistent_Template" />
    </UnitTest>
    <UnitTest name="SmartTelehealth.QuestionnaireTests.QuestionnaireSystemTests.Can_Upload_File_With_Questionnaire" storage="d:\dayusers\rushikesh\personal\.net projects\telehealthwithsubscriptionmodel\backend\smarttelehealth.questionnairetests\bin\debug\net9.0\smarttelehealth.questionnairetests.dll" id="729c8ae1-483e-727c-c329-3b935ff44a3f">
      <Execution id="1dc6d9d3-ca4f-499c-a3ed-7aadade167c6" />
      <TestMethod codeBase="D:\DayUsers\Rushikesh\Personal\.Net Projects\TeleHealthWithSubscriptionModel\backend\SmartTelehealth.QuestionnaireTests\bin\Debug\net9.0\SmartTelehealth.QuestionnaireTests.dll" adapterTypeName="executor://xunit/VsTestRunner2/netcoreapp" className="SmartTelehealth.QuestionnaireTests.QuestionnaireSystemTests" name="Can_Upload_File_With_Questionnaire" />
    </UnitTest>
    <UnitTest name="SmartTelehealth.QuestionnaireTests.QuestionnaireSystemTests.Can_Get_All_QuestionnaireTemplates" storage="d:\dayusers\rushikesh\personal\.net projects\telehealthwithsubscriptionmodel\backend\smarttelehealth.questionnairetests\bin\debug\net9.0\smarttelehealth.questionnairetests.dll" id="937dcbb4-d788-8ff6-4789-8700aabc7395">
      <Execution id="8395a623-25ec-445d-a1d0-e23f32df2e54" />
      <TestMethod codeBase="D:\DayUsers\Rushikesh\Personal\.Net Projects\TeleHealthWithSubscriptionModel\backend\SmartTelehealth.QuestionnaireTests\bin\Debug\net9.0\SmartTelehealth.QuestionnaireTests.dll" adapterTypeName="executor://xunit/VsTestRunner2/netcoreapp" className="SmartTelehealth.QuestionnaireTests.QuestionnaireSystemTests" name="Can_Get_All_QuestionnaireTemplates" />
    </UnitTest>
    <UnitTest name="SmartTelehealth.QuestionnaireTests.UnitTest1.Test1" storage="d:\dayusers\rushikesh\personal\.net projects\telehealthwithsubscriptionmodel\backend\smarttelehealth.questionnairetests\bin\debug\net9.0\smarttelehealth.questionnairetests.dll" id="a42bb7ad-1d33-9683-0ee9-6e2c36a6c481">
      <Execution id="658b8f48-504c-4f5b-bdf7-ca1110dd2da6" />
      <TestMethod codeBase="D:\DayUsers\Rushikesh\Personal\.Net Projects\TeleHealthWithSubscriptionModel\backend\SmartTelehealth.QuestionnaireTests\bin\Debug\net9.0\SmartTelehealth.QuestionnaireTests.dll" adapterTypeName="executor://xunit/VsTestRunner2/netcoreapp" className="SmartTelehealth.QuestionnaireTests.UnitTest1" name="Test1" />
    </UnitTest>
    <UnitTest name="SmartTelehealth.QuestionnaireTests.QuestionnaireSystemTests.Can_Submit_UserResponse_With_Time_Question" storage="d:\dayusers\rushikesh\personal\.net projects\telehealthwithsubscriptionmodel\backend\smarttelehealth.questionnairetests\bin\debug\net9.0\smarttelehealth.questionnairetests.dll" id="721e1f5c-a863-ed7e-efd0-90aa3a85b758">
      <Execution id="b8652508-7aeb-4469-8ad3-ecc2e075e02a" />
      <TestMethod codeBase="D:\DayUsers\Rushikesh\Personal\.Net Projects\TeleHealthWithSubscriptionModel\backend\SmartTelehealth.QuestionnaireTests\bin\Debug\net9.0\SmartTelehealth.QuestionnaireTests.dll" adapterTypeName="executor://xunit/VsTestRunner2/netcoreapp" className="SmartTelehealth.QuestionnaireTests.QuestionnaireSystemTests" name="Can_Submit_UserResponse_With_Time_Question" />
    </UnitTest>
    <UnitTest name="SmartTelehealth.QuestionnaireTests.QuestionnaireSystemTests.Should_Reject_Duplicate_Question_Orders" storage="d:\dayusers\rushikesh\personal\.net projects\telehealthwithsubscriptionmodel\backend\smarttelehealth.questionnairetests\bin\debug\net9.0\smarttelehealth.questionnairetests.dll" id="44c104e5-7216-2ee4-149f-c05f6594f7f7">
      <Execution id="4b91e8dc-d08c-429c-b5f5-6f91cc25e8c8" />
      <TestMethod codeBase="D:\DayUsers\Rushikesh\Personal\.Net Projects\TeleHealthWithSubscriptionModel\backend\SmartTelehealth.QuestionnaireTests\bin\Debug\net9.0\SmartTelehealth.QuestionnaireTests.dll" adapterTypeName="executor://xunit/VsTestRunner2/netcoreapp" className="SmartTelehealth.QuestionnaireTests.QuestionnaireSystemTests" name="Should_Reject_Duplicate_Question_Orders" />
    </UnitTest>
    <UnitTest name="SmartTelehealth.QuestionnaireTests.QuestionnaireSystemTests.Should_Handle_Multiple_Checkbox_Selections" storage="d:\dayusers\rushikesh\personal\.net projects\telehealthwithsubscriptionmodel\backend\smarttelehealth.questionnairetests\bin\debug\net9.0\smarttelehealth.questionnairetests.dll" id="c6be634c-a6b3-ae68-6a54-87e36e0694d5">
      <Execution id="a8b9227e-6fc5-4004-8a35-fdb8831270bb" />
      <TestMethod codeBase="D:\DayUsers\Rushikesh\Personal\.Net Projects\TeleHealthWithSubscriptionModel\backend\SmartTelehealth.QuestionnaireTests\bin\Debug\net9.0\SmartTelehealth.QuestionnaireTests.dll" adapterTypeName="executor://xunit/VsTestRunner2/netcoreapp" className="SmartTelehealth.QuestionnaireTests.QuestionnaireSystemTests" name="Should_Handle_Multiple_Checkbox_Selections" />
    </UnitTest>
    <UnitTest name="SmartTelehealth.QuestionnaireTests.QuestionnaireSystemTests.Can_Submit_UserResponse_With_DateTime_Question" storage="d:\dayusers\rushikesh\personal\.net projects\telehealthwithsubscriptionmodel\backend\smarttelehealth.questionnairetests\bin\debug\net9.0\smarttelehealth.questionnairetests.dll" id="a200d94d-c1ab-2339-f512-da512de2e311">
      <Execution id="7e7b3d48-4d64-4366-ba3b-e4e0fd04119c" />
      <TestMethod codeBase="D:\DayUsers\Rushikesh\Personal\.Net Projects\TeleHealthWithSubscriptionModel\backend\SmartTelehealth.QuestionnaireTests\bin\Debug\net9.0\SmartTelehealth.QuestionnaireTests.dll" adapterTypeName="executor://xunit/VsTestRunner2/netcoreapp" className="SmartTelehealth.QuestionnaireTests.QuestionnaireSystemTests" name="Can_Submit_UserResponse_With_DateTime_Question" />
    </UnitTest>
    <UnitTest name="SmartTelehealth.QuestionnaireTests.QuestionnaireSystemTests.Should_Reject_Empty_Question_Text" storage="d:\dayusers\rushikesh\personal\.net projects\telehealthwithsubscriptionmodel\backend\smarttelehealth.questionnairetests\bin\debug\net9.0\smarttelehealth.questionnairetests.dll" id="86c259fd-affb-3c55-a8ed-5d30bf261c58">
      <Execution id="33a7fa35-5502-419a-8e58-ad7b85c74a4f" />
      <TestMethod codeBase="D:\DayUsers\Rushikesh\Personal\.Net Projects\TeleHealthWithSubscriptionModel\backend\SmartTelehealth.QuestionnaireTests\bin\Debug\net9.0\SmartTelehealth.QuestionnaireTests.dll" adapterTypeName="executor://xunit/VsTestRunner2/netcoreapp" className="SmartTelehealth.QuestionnaireTests.QuestionnaireSystemTests" name="Should_Reject_Empty_Question_Text" />
    </UnitTest>
    <UnitTest name="SmartTelehealth.QuestionnaireTests.QuestionnaireSystemTests.Should_Handle_Help_Text_In_Questions" storage="d:\dayusers\rushikesh\personal\.net projects\telehealthwithsubscriptionmodel\backend\smarttelehealth.questionnairetests\bin\debug\net9.0\smarttelehealth.questionnairetests.dll" id="07b29e8a-e3e4-8b7a-5960-65dfb36fdb27">
      <Execution id="95e4ae58-20ee-41d8-8b45-1019702ee249" />
      <TestMethod codeBase="D:\DayUsers\Rushikesh\Personal\.Net Projects\TeleHealthWithSubscriptionModel\backend\SmartTelehealth.QuestionnaireTests\bin\Debug\net9.0\SmartTelehealth.QuestionnaireTests.dll" adapterTypeName="executor://xunit/VsTestRunner2/netcoreapp" className="SmartTelehealth.QuestionnaireTests.QuestionnaireSystemTests" name="Should_Handle_Help_Text_In_Questions" />
    </UnitTest>
    <UnitTest name="SmartTelehealth.QuestionnaireTests.QuestionnaireSystemTests.Can_Submit_UserResponse" storage="d:\dayusers\rushikesh\personal\.net projects\telehealthwithsubscriptionmodel\backend\smarttelehealth.questionnairetests\bin\debug\net9.0\smarttelehealth.questionnairetests.dll" id="b68b0011-2360-7cb0-f0af-885815952809">
      <Execution id="2691b109-017a-4bf3-840c-1c2279c2e4ea" />
      <TestMethod codeBase="D:\DayUsers\Rushikesh\Personal\.Net Projects\TeleHealthWithSubscriptionModel\backend\SmartTelehealth.QuestionnaireTests\bin\Debug\net9.0\SmartTelehealth.QuestionnaireTests.dll" adapterTypeName="executor://xunit/VsTestRunner2/netcoreapp" className="SmartTelehealth.QuestionnaireTests.QuestionnaireSystemTests" name="Can_Submit_UserResponse" />
    </UnitTest>
    <UnitTest name="SmartTelehealth.QuestionnaireTests.QuestionnaireSystemTests.Returns_404_For_NonExistent_UserResponse" storage="d:\dayusers\rushikesh\personal\.net projects\telehealthwithsubscriptionmodel\backend\smarttelehealth.questionnairetests\bin\debug\net9.0\smarttelehealth.questionnairetests.dll" id="a6b0c19c-9bcc-1d7c-7f2d-ebe30314d528">
      <Execution id="4aa87d00-2bd7-4465-82dd-3beb58425d49" />
      <TestMethod codeBase="D:\DayUsers\Rushikesh\Personal\.Net Projects\TeleHealthWithSubscriptionModel\backend\SmartTelehealth.QuestionnaireTests\bin\Debug\net9.0\SmartTelehealth.QuestionnaireTests.dll" adapterTypeName="executor://xunit/VsTestRunner2/netcoreapp" className="SmartTelehealth.QuestionnaireTests.QuestionnaireSystemTests" name="Returns_404_For_NonExistent_UserResponse" />
    </UnitTest>
    <UnitTest name="SmartTelehealth.QuestionnaireTests.QuestionnaireSystemTests.Can_Update_QuestionnaireTemplate" storage="d:\dayusers\rushikesh\personal\.net projects\telehealthwithsubscriptionmodel\backend\smarttelehealth.questionnairetests\bin\debug\net9.0\smarttelehealth.questionnairetests.dll" id="0370d4e2-1cb7-af46-1ace-17872402d4fb">
      <Execution id="358320a6-89b6-4748-a4ba-13aac9c743b1" />
      <TestMethod codeBase="D:\DayUsers\Rushikesh\Personal\.Net Projects\TeleHealthWithSubscriptionModel\backend\SmartTelehealth.QuestionnaireTests\bin\Debug\net9.0\SmartTelehealth.QuestionnaireTests.dll" adapterTypeName="executor://xunit/VsTestRunner2/netcoreapp" className="SmartTelehealth.QuestionnaireTests.QuestionnaireSystemTests" name="Can_Update_QuestionnaireTemplate" />
    </UnitTest>
    <UnitTest name="SmartTelehealth.QuestionnaireTests.QuestionnaireSystemTests.Can_Get_UserResponse_By_Id" storage="d:\dayusers\rushikesh\personal\.net projects\telehealthwithsubscriptionmodel\backend\smarttelehealth.questionnairetests\bin\debug\net9.0\smarttelehealth.questionnairetests.dll" id="66798181-8b09-9746-d8de-4643841c77da">
      <Execution id="475b2521-9369-41e3-86ff-0688b69bc472" />
      <TestMethod codeBase="D:\DayUsers\Rushikesh\Personal\.Net Projects\TeleHealthWithSubscriptionModel\backend\SmartTelehealth.QuestionnaireTests\bin\Debug\net9.0\SmartTelehealth.QuestionnaireTests.dll" adapterTypeName="executor://xunit/VsTestRunner2/netcoreapp" className="SmartTelehealth.QuestionnaireTests.QuestionnaireSystemTests" name="Can_Get_UserResponse_By_Id" />
    </UnitTest>
    <UnitTest name="SmartTelehealth.QuestionnaireTests.QuestionnaireSystemTests.Should_Handle_Required_Field_Validation" storage="d:\dayusers\rushikesh\personal\.net projects\telehealthwithsubscriptionmodel\backend\smarttelehealth.questionnairetests\bin\debug\net9.0\smarttelehealth.questionnairetests.dll" id="4d181cc6-6017-caf0-063f-a7ed568a6572">
      <Execution id="cd3e58ec-bbfc-4bc9-98f5-058afd1dd389" />
      <TestMethod codeBase="D:\DayUsers\Rushikesh\Personal\.Net Projects\TeleHealthWithSubscriptionModel\backend\SmartTelehealth.QuestionnaireTests\bin\Debug\net9.0\SmartTelehealth.QuestionnaireTests.dll" adapterTypeName="executor://xunit/VsTestRunner2/netcoreapp" className="SmartTelehealth.QuestionnaireTests.QuestionnaireSystemTests" name="Should_Handle_Required_Field_Validation" />
    </UnitTest>
    <UnitTest name="SmartTelehealth.QuestionnaireTests.QuestionnaireSystemTests.Should_Handle_Large_Text_Answers" storage="d:\dayusers\rushikesh\personal\.net projects\telehealthwithsubscriptionmodel\backend\smarttelehealth.questionnairetests\bin\debug\net9.0\smarttelehealth.questionnairetests.dll" id="5c8ad594-d7c6-36d8-d14c-adf01dbc1ecc">
      <Execution id="90515bda-2f56-4b93-bb8a-ff4375597c04" />
      <TestMethod codeBase="D:\DayUsers\Rushikesh\Personal\.Net Projects\TeleHealthWithSubscriptionModel\backend\SmartTelehealth.QuestionnaireTests\bin\Debug\net9.0\SmartTelehealth.QuestionnaireTests.dll" adapterTypeName="executor://xunit/VsTestRunner2/netcoreapp" className="SmartTelehealth.QuestionnaireTests.QuestionnaireSystemTests" name="Should_Handle_Large_Text_Answers" />
    </UnitTest>
    <UnitTest name="SmartTelehealth.QuestionnaireTests.QuestionnaireSystemTests.Can_Create_QuestionnaireTemplate" storage="d:\dayusers\rushikesh\personal\.net projects\telehealthwithsubscriptionmodel\backend\smarttelehealth.questionnairetests\bin\debug\net9.0\smarttelehealth.questionnairetests.dll" id="adf5d3bd-20bb-923f-d983-bd8e577a79e7">
      <Execution id="1fd0fde5-8031-4754-ad81-73db9b19842a" />
      <TestMethod codeBase="D:\DayUsers\Rushikesh\Personal\.Net Projects\TeleHealthWithSubscriptionModel\backend\SmartTelehealth.QuestionnaireTests\bin\Debug\net9.0\SmartTelehealth.QuestionnaireTests.dll" adapterTypeName="executor://xunit/VsTestRunner2/netcoreapp" className="SmartTelehealth.QuestionnaireTests.QuestionnaireSystemTests" name="Can_Create_QuestionnaireTemplate" />
    </UnitTest>
    <UnitTest name="SmartTelehealth.QuestionnaireTests.QuestionnaireSystemTests.Can_Submit_Response_With_All_Question_Types" storage="d:\dayusers\rushikesh\personal\.net projects\telehealthwithsubscriptionmodel\backend\smarttelehealth.questionnairetests\bin\debug\net9.0\smarttelehealth.questionnairetests.dll" id="18e2d4e4-bb8a-11e3-86c1-6aea049821b9">
      <Execution id="c68d1bd8-a88c-4c25-8a73-ccc175b4f24e" />
      <TestMethod codeBase="D:\DayUsers\Rushikesh\Personal\.Net Projects\TeleHealthWithSubscriptionModel\backend\SmartTelehealth.QuestionnaireTests\bin\Debug\net9.0\SmartTelehealth.QuestionnaireTests.dll" adapterTypeName="executor://xunit/VsTestRunner2/netcoreapp" className="SmartTelehealth.QuestionnaireTests.QuestionnaireSystemTests" name="Can_Submit_Response_With_All_Question_Types" />
    </UnitTest>
    <UnitTest name="SmartTelehealth.QuestionnaireTests.QuestionnaireSystemTests.Should_Reject_Multiple_Choice_Without_Options" storage="d:\dayusers\rushikesh\personal\.net projects\telehealthwithsubscriptionmodel\backend\smarttelehealth.questionnairetests\bin\debug\net9.0\smarttelehealth.questionnairetests.dll" id="97482567-4069-e50b-bcf5-a480fc70d2b9">
      <Execution id="6b8b5918-2149-46ce-be80-19e98f019cf2" />
      <TestMethod codeBase="D:\DayUsers\Rushikesh\Personal\.Net Projects\TeleHealthWithSubscriptionModel\backend\SmartTelehealth.QuestionnaireTests\bin\Debug\net9.0\SmartTelehealth.QuestionnaireTests.dll" adapterTypeName="executor://xunit/VsTestRunner2/netcoreapp" className="SmartTelehealth.QuestionnaireTests.QuestionnaireSystemTests" name="Should_Reject_Multiple_Choice_Without_Options" />
    </UnitTest>
    <UnitTest name="SmartTelehealth.QuestionnaireTests.QuestionnaireSystemTests.Should_Reject_Response_With_Invalid_Option_Ids" storage="d:\dayusers\rushikesh\personal\.net projects\telehealthwithsubscriptionmodel\backend\smarttelehealth.questionnairetests\bin\debug\net9.0\smarttelehealth.questionnairetests.dll" id="e0a8541a-0b59-b837-8d52-2428f47ee0bd">
      <Execution id="ee177660-f424-4ccb-a028-6e4f3aa55d7e" />
      <TestMethod codeBase="D:\DayUsers\Rushikesh\Personal\.Net Projects\TeleHealthWithSubscriptionModel\backend\SmartTelehealth.QuestionnaireTests\bin\Debug\net9.0\SmartTelehealth.QuestionnaireTests.dll" adapterTypeName="executor://xunit/VsTestRunner2/netcoreapp" className="SmartTelehealth.QuestionnaireTests.QuestionnaireSystemTests" name="Should_Reject_Response_With_Invalid_Option_Ids" />
    </UnitTest>
    <UnitTest name="SmartTelehealth.QuestionnaireTests.QuestionnaireSystemTests.Should_Handle_Media_Urls_In_Questions" storage="d:\dayusers\rushikesh\personal\.net projects\telehealthwithsubscriptionmodel\backend\smarttelehealth.questionnairetests\bin\debug\net9.0\smarttelehealth.questionnairetests.dll" id="79dbd315-0dfc-839d-d8f7-c1651ff17b01">
      <Execution id="4fb588ed-36d7-4f11-ac8b-4502a5ef6f2b" />
      <TestMethod codeBase="D:\DayUsers\Rushikesh\Personal\.Net Projects\TeleHealthWithSubscriptionModel\backend\SmartTelehealth.QuestionnaireTests\bin\Debug\net9.0\SmartTelehealth.QuestionnaireTests.dll" adapterTypeName="executor://xunit/VsTestRunner2/netcoreapp" className="SmartTelehealth.QuestionnaireTests.QuestionnaireSystemTests" name="Should_Handle_Media_Urls_In_Questions" />
    </UnitTest>
  </TestDefinitions>
  <TestEntries>
    <TestEntry testId="44c104e5-7216-2ee4-149f-c05f6594f7f7" executionId="4b91e8dc-d08c-429c-b5f5-6f91cc25e8c8" testListId="8c84fa94-04c1-424b-9868-57a2d4851a1d" />
    <TestEntry testId="1137c274-aaf5-5c96-ca96-c5b5afb3387a" executionId="0e097357-a67f-431b-a79f-f472babf290b" testListId="8c84fa94-04c1-424b-9868-57a2d4851a1d" />
    <TestEntry testId="e69d466c-16cf-88b6-eab5-8d6f68bc1795" executionId="faedb252-5670-42af-a155-24a46fbd111f" testListId="8c84fa94-04c1-424b-9868-57a2d4851a1d" />
    <TestEntry testId="72d9b554-fc2f-e8d4-a9f9-3a3eee7c9c09" executionId="dfe5a1f1-a3e3-4f6b-b8de-36032f8a4cf7" testListId="8c84fa94-04c1-424b-9868-57a2d4851a1d" />
    <TestEntry testId="1b2ca8de-8323-f30f-88f7-e6d7adef4567" executionId="536d9acb-4c22-46cc-8d21-7c23424885a2" testListId="8c84fa94-04c1-424b-9868-57a2d4851a1d" />
    <TestEntry testId="729c8ae1-483e-727c-c329-3b935ff44a3f" executionId="1dc6d9d3-ca4f-499c-a3ed-7aadade167c6" testListId="8c84fa94-04c1-424b-9868-57a2d4851a1d" />
    <TestEntry testId="adf5d3bd-20bb-923f-d983-bd8e577a79e7" executionId="1fd0fde5-8031-4754-ad81-73db9b19842a" testListId="8c84fa94-04c1-424b-9868-57a2d4851a1d" />
    <TestEntry testId="e0a8541a-0b59-b837-8d52-2428f47ee0bd" executionId="ee177660-f424-4ccb-a028-6e4f3aa55d7e" testListId="8c84fa94-04c1-424b-9868-57a2d4851a1d" />
    <TestEntry testId="81a40620-70b7-8378-d991-83b64e807f17" executionId="c8152c18-ba83-4908-a9e2-5b0de5f88c30" testListId="8c84fa94-04c1-424b-9868-57a2d4851a1d" />
    <TestEntry testId="fe6515e2-bac3-03a0-799e-1a9657b03c34" executionId="b58d37a4-2ba4-493d-bb0e-35a7ca1f1ec3" testListId="8c84fa94-04c1-424b-9868-57a2d4851a1d" />
    <TestEntry testId="86c259fd-affb-3c55-a8ed-5d30bf261c58" executionId="33a7fa35-5502-419a-8e58-ad7b85c74a4f" testListId="8c84fa94-04c1-424b-9868-57a2d4851a1d" />
    <TestEntry testId="55141dfe-1a93-3bdd-e1b0-4799efa0d904" executionId="08693b93-b3a0-41f5-9754-41d400a4d48a" testListId="8c84fa94-04c1-424b-9868-57a2d4851a1d" />
    <TestEntry testId="21f1cdd3-075f-139b-9f00-585b1ad74e97" executionId="45fed5c3-9e60-42f5-9694-fde0163f6269" testListId="8c84fa94-04c1-424b-9868-57a2d4851a1d" />
    <TestEntry testId="b429b00d-f1f1-6d35-b47a-22e6a06f6c2c" executionId="8ab673aa-007c-48ef-a988-06eb1978f576" testListId="8c84fa94-04c1-424b-9868-57a2d4851a1d" />
    <TestEntry testId="afa330eb-8b4b-81d7-12df-c7bc2d0169b6" executionId="22ab2743-0ced-4a22-b822-477b9ccda10a" testListId="8c84fa94-04c1-424b-9868-57a2d4851a1d" />
    <TestEntry testId="784a2235-a89c-66dc-ff95-681ceb540f42" executionId="18ca4baf-7cf9-4d51-9aed-a304bbd303a5" testListId="8c84fa94-04c1-424b-9868-57a2d4851a1d" />
    <TestEntry testId="a42bb7ad-1d33-9683-0ee9-6e2c36a6c481" executionId="658b8f48-504c-4f5b-bdf7-ca1110dd2da6" testListId="8c84fa94-04c1-424b-9868-57a2d4851a1d" />
    <TestEntry testId="5c8ad594-d7c6-36d8-d14c-adf01dbc1ecc" executionId="90515bda-2f56-4b93-bb8a-ff4375597c04" testListId="8c84fa94-04c1-424b-9868-57a2d4851a1d" />
    <TestEntry testId="a6b0c19c-9bcc-1d7c-7f2d-ebe30314d528" executionId="4aa87d00-2bd7-4465-82dd-3beb58425d49" testListId="8c84fa94-04c1-424b-9868-57a2d4851a1d" />
    <TestEntry testId="79dbd315-0dfc-839d-d8f7-c1651ff17b01" executionId="4fb588ed-36d7-4f11-ac8b-4502a5ef6f2b" testListId="8c84fa94-04c1-424b-9868-57a2d4851a1d" />
    <TestEntry testId="07b29e8a-e3e4-8b7a-5960-65dfb36fdb27" executionId="95e4ae58-20ee-41d8-8b45-1019702ee249" testListId="8c84fa94-04c1-424b-9868-57a2d4851a1d" />
    <TestEntry testId="b57164e6-6b38-297c-a8a2-9d73ef8db515" executionId="7ebdee1c-291f-4716-819e-dd92fe95a602" testListId="8c84fa94-04c1-424b-9868-57a2d4851a1d" />
    <TestEntry testId="66798181-8b09-9746-d8de-4643841c77da" executionId="475b2521-9369-41e3-86ff-0688b69bc472" testListId="8c84fa94-04c1-424b-9868-57a2d4851a1d" />
    <TestEntry testId="03de6010-2cf0-3e28-4ef9-2e6fbd60ed93" executionId="18d785f8-efaa-4097-a07f-7b7f2e64f16a" testListId="8c84fa94-04c1-424b-9868-57a2d4851a1d" />
    <TestEntry testId="2d108669-cc18-8d96-1ac2-9adb354e83e3" executionId="4af4c9df-7865-409c-a9ae-9e366c24a541" testListId="8c84fa94-04c1-424b-9868-57a2d4851a1d" />
    <TestEntry testId="0370d4e2-1cb7-af46-1ace-17872402d4fb" executionId="358320a6-89b6-4748-a4ba-13aac9c743b1" testListId="8c84fa94-04c1-424b-9868-57a2d4851a1d" />
    <TestEntry testId="9bb10f37-ad6d-d122-c8b7-73f5b1b933f0" executionId="e30035d7-2ddf-4f40-b719-f8bece14e314" testListId="8c84fa94-04c1-424b-9868-57a2d4851a1d" />
    <TestEntry testId="721e1f5c-a863-ed7e-efd0-90aa3a85b758" executionId="b8652508-7aeb-4469-8ad3-ecc2e075e02a" testListId="8c84fa94-04c1-424b-9868-57a2d4851a1d" />
    <TestEntry testId="f939acb3-545f-f68a-460d-58e810ec0cbb" executionId="1f710208-e1ef-4a45-a25d-824c6e28cb26" testListId="8c84fa94-04c1-424b-9868-57a2d4851a1d" />
    <TestEntry testId="c6be634c-a6b3-ae68-6a54-87e36e0694d5" executionId="a8b9227e-6fc5-4004-8a35-fdb8831270bb" testListId="8c84fa94-04c1-424b-9868-57a2d4851a1d" />
    <TestEntry testId="18e2d4e4-bb8a-11e3-86c1-6aea049821b9" executionId="c68d1bd8-a88c-4c25-8a73-ccc175b4f24e" testListId="8c84fa94-04c1-424b-9868-57a2d4851a1d" />
    <TestEntry testId="97482567-4069-e50b-bcf5-a480fc70d2b9" executionId="6b8b5918-2149-46ce-be80-19e98f019cf2" testListId="8c84fa94-04c1-424b-9868-57a2d4851a1d" />
    <TestEntry testId="a200d94d-c1ab-2339-f512-da512de2e311" executionId="7e7b3d48-4d64-4366-ba3b-e4e0fd04119c" testListId="8c84fa94-04c1-424b-9868-57a2d4851a1d" />
    <TestEntry testId="4d181cc6-6017-caf0-063f-a7ed568a6572" executionId="cd3e58ec-bbfc-4bc9-98f5-058afd1dd389" testListId="8c84fa94-04c1-424b-9868-57a2d4851a1d" />
    <TestEntry testId="b68b0011-2360-7cb0-f0af-885815952809" executionId="2691b109-017a-4bf3-840c-1c2279c2e4ea" testListId="8c84fa94-04c1-424b-9868-57a2d4851a1d" />
    <TestEntry testId="937dcbb4-d788-8ff6-4789-8700aabc7395" executionId="8395a623-25ec-445d-a1d0-e23f32df2e54" testListId="8c84fa94-04c1-424b-9868-57a2d4851a1d" />
    <TestEntry testId="d871a36e-a5f8-9faf-d993-4ed65f21a453" executionId="9f0a91b3-ecd2-4b0e-9492-3ac1261f93a7" testListId="8c84fa94-04c1-424b-9868-57a2d4851a1d" />
  </TestEntries>
  <TestLists>
    <TestList name="Results Not in a List" id="8c84fa94-04c1-424b-9868-57a2d4851a1d" />
    <TestList name="All Loaded Results" id="19431567-8539-422a-85d7-44ee4e166bda" />
  </TestLists>
  <ResultSummary outcome="Completed">
    <Counters total="37" executed="37" passed="37" failed="0" error="0" timeout="0" aborted="0" inconclusive="0" passedButRunAborted="0" notRunnable="0" notExecuted="0" disconnected="0" warning="0" completed="0" inProgress="0" pending="0" />
    <Output>
      <StdOut>[xUnit.net 00:00:00.00] xUnit.net VSTest Adapter v2.8.2+699d445a1a (64-bit .NET 9.0.0)&#xD;
[xUnit.net 00:00:00.07]   Discovering: SmartTelehealth.QuestionnaireTests&#xD;
[xUnit.net 00:00:00.11]   Discovered:  SmartTelehealth.QuestionnaireTests&#xD;
[xUnit.net 00:00:00.11]   Starting:    SmartTelehealth.QuestionnaireTests&#xD;
[18:52:14 WRN] The foreign key property 'QuestionnaireTemplate.CategoryId1' was created in shadow state because a conflicting property with the simple name 'CategoryId' exists in the entity type, but is either not mapped, is already used for another relationship, or is incompatible with the associated primary key type. See https://aka.ms/efcore-relationships for information on mapping relationships in EF Core.&#xD;
[18:52:14 WRN] The foreign key property 'UserResponse.CategoryId1' was created in shadow state because a conflicting property with the simple name 'CategoryId' exists in the entity type, but is either not mapped, is already used for another relationship, or is incompatible with the associated primary key type. See https://aka.ms/efcore-relationships for information on mapping relationships in EF Core.&#xD;
[18:52:15 WRN] The foreign key property 'QuestionnaireTemplate.CategoryId1' was created in shadow state because a conflicting property with the simple name 'CategoryId' exists in the entity type, but is either not mapped, is already used for another relationship, or is incompatible with the associated primary key type. See https://aka.ms/efcore-relationships for information on mapping relationships in EF Core.&#xD;
[18:52:15 WRN] The foreign key property 'UserResponse.CategoryId1' was created in shadow state because a conflicting property with the simple name 'CategoryId' exists in the entity type, but is either not mapped, is already used for another relationship, or is incompatible with the associated primary key type. See https://aka.ms/efcore-relationships for information on mapping relationships in EF Core.&#xD;
[18:52:15 INF] Automated billing service started&#xD;
[18:52:15 INF] Starting automated billing cycle at 07/29/2025 13:22:15&#xD;
[18:52:15 INF] Found 0 subscriptions due for billing&#xD;
[18:52:15 INF] Found 0 suspended subscriptions&#xD;
[18:52:15 INF] Found 0 subscriptions with usage counters to reset&#xD;
[18:52:15 INF] Completed automated billing cycle at 07/29/2025 13:22:15&#xD;
[18:52:15 WRN] Failed to determine the https port for redirect.&#xD;
     Warning:&#xD;
     The component "Fluent Assertions" is governed by the rules defined in the Xceed License Agreement and&#xD;
     the Xceed Fluent Assertions Community License. You may use Fluent Assertions free of charge for&#xD;
     non-commercial use only. An active subscription is required to use Fluent Assertions for commercial use.&#xD;
     Please contact Xceed Sales mailto:sales@xceed.com to acquire a subscription at a very low cost.&#xD;
     A paid commercial license supports the development and continued increasing support of&#xD;
     Fluent Assertions users under both commercial and community licenses. Help us&#xD;
     keep Fluent Assertions at the forefront of unit testing.&#xD;
     For more information, visit https://xceed.com/products/unit-testing/fluent-assertions/&#xD;
[18:52:16 INF] Automated billing service stopped&#xD;
[xUnit.net 00:00:03.87]   Finished:    SmartTelehealth.QuestionnaireTests&#xD;
</StdOut>
    </Output>
  </ResultSummary>
</TestRun>